---
http_interactions:
- request:
    method: get
    uri: https://doi.org/ra/10.18942
    body:
      encoding: US-ASCII
      string: ''
    headers:
      User-Agent:
      - Mozilla/5.0 (compatible; Maremma/4.2.6; mailto:info@datacite.org)
      Accept:
      - text/html,application/json,application/xml;q=0.9, text/plain;q=0.8,image/png,*/*;q=0.5
  response:
    status:
      code: 200
      message: ''
    headers:
      Date:
      - Tue, 23 Jul 2019 07:49:02 GMT
      Content-Type:
      - application/json;charset=UTF-8
      Content-Length:
      - '51'
      Connection:
      - keep-alive
      Set-Cookie:
      - __cfduid=deb5e4515a6909b1ce3fd68c08a68cfd31563868142; expires=Wed, 22-Jul-20
        07:49:02 GMT; path=/; domain=.doi.org; HttpOnly
      Strict-Transport-Security:
      - max-age=3600; includeSubDomains
      Expect-Ct:
      - max-age=604800, report-uri="https://report-uri.cloudflare.com/cdn-cgi/beacon/expect-ct"
      Server:
      - cloudflare
      Cf-Ray:
      - 4fac0e335a7cc2ae-FRA
    body:
      encoding: ASCII-8BIT
      string: |-
        [
          {
            "DOI": "10.18942",
            "RA": "JaLC"
          }
        ]
    http_version: 
  recorded_at: Tue, 23 Jul 2019 07:49:02 GMT
- request:
    method: get
    uri: https://doi.org/10.18942/apg.201812
    body:
      encoding: US-ASCII
      string: ''
    headers:
      User-Agent:
      - Mozilla/5.0 (compatible; Maremma/4.2.6; mailto:info@datacite.org)
      Accept:
      - application/vnd.citationstyles.csl+json
  response:
    status:
      code: 302
      message: ''
    headers:
      Date:
      - Tue, 23 Jul 2019 07:49:03 GMT
      Content-Type:
      - text/html;charset=utf-8
      Content-Length:
      - '189'
      Connection:
      - keep-alive
      Set-Cookie:
      - __cfduid=da9276c285a6288edc886fa2bd5cc2add1563868142; expires=Wed, 22-Jul-20
        07:49:02 GMT; path=/; domain=.doi.org; HttpOnly
      Vary:
      - Accept
      Location:
      - https://japanlinkcenter.org/data/10.18942/apg.201812
      Expires:
      - Tue, 23 Jul 2019 08:45:53 GMT
      Strict-Transport-Security:
      - max-age=3600; includeSubDomains
      Expect-Ct:
      - max-age=604800, report-uri="https://report-uri.cloudflare.com/cdn-cgi/beacon/expect-ct"
      Server:
      - cloudflare
      Cf-Ray:
      - 4fac0e34393dd6cd-FRA
    body:
      encoding: ASCII-8BIT
      string: |-
        <html><head><title>Handle Redirect</title></head>
        <body><a href="https://japanlinkcenter.org/data/10.18942/apg.201812">https://japanlinkcenter.org/data/10.18942/apg.201812</a></body></html>
    http_version: 
  recorded_at: Tue, 23 Jul 2019 07:49:03 GMT
- request:
    method: get
    uri: https://japanlinkcenter.org/data/10.18942/apg.201812
    body:
      encoding: US-ASCII
      string: ''
    headers:
      User-Agent:
      - Mozilla/5.0 (compatible; Maremma/4.2.6; mailto:info@datacite.org)
      Accept:
      - application/vnd.citationstyles.csl+json
  response:
    status:
      code: 200
      message: ''
    headers:
      Date:
      - Tue, 23 Jul 2019 07:49:04 GMT
      X-Frame-Options:
      - SAMEORIGIN, SAMEORIGIN, SAMEORIGIN
      Content-Security-Policy:
      - 'default-src ''self'' ''unsafe-inline'' ''unsafe-eval'' data: ;'
      Content-Type:
      - application/vnd.citationstyles.csl+json;charset=UTF-8
      Content-Language:
      - ja-JP
      Set-Cookie:
      - BIGipServerPOOL_TSC016_004=1112689312.20480.0000; path=/; Httponly, TS01ab0e97=0192d116676647d8f71503759645a01593382d46a111749f8f481e2c58fa92a549fb934671b5a7b1aa59a0ec4197a701649a4558573b5171fb955fed8c5a45e99a5266d8ee;
        Path=/; Secure
      X-Content-Type-Options:
      - nosniff
      X-Xss-Protection:
      - 1; mode=block
      X-Permitted-Cross-Domain-Policies:
      - master-only
      Strict-Transport-Security:
      - max-age=31536000; includeSubDomains
      Connection:
      - close
    body:
      encoding: ASCII-8BIT
      string: "{\r\n\t\"DOI\":\"10.18942/apg.201812\",\r\n\t\"URL\":\"https://doi.org/10.18942/apg.201812\",\r\n\t\"language\":\"en\",\r\n\t\"title\":\"Allopolyploid
        Origin and Distribution Range of <i>Acystopteris taiwaniana </i>(Cystopteridaceae:
        Polypodiales)\",\r\n\t\"author\":[\r\n\t\t{\r\n\t\t\t\"given\":\"Atsushi\",\r\n\t\t\t\"family\":\"Ebihara\"\r\n\t\t},\r\n\t\t{\r\n\t\t\t\"given\":\"Narumi\",\r\n\t\t\t\"family\":\"Nakato\"\r\n\t\t},\r\n\t\t{\r\n\t\t\t\"given\":\"Li-Yaung\",\r\n\t\t\t\"family\":\"Kuo\"\r\n\t\t},\r\n\t\t{\r\n\t\t\t\"given\":\"Hiroki\",\r\n\t\t\t\"family\":\"Miyazaki\"\r\n\t\t},\r\n\t\t{\r\n\t\t\t\"given\":\"Shunsuke\",\r\n\t\t\t\"family\":\"Serizawa\"\r\n\t\t}\r\n\t],\r\n\t\"publisher\":\"The
        Japanese Society for Plant Systematics\",\r\n\t\"issued\":{\r\n\t\t\"date-parts\":\r\n\t\t\t[\r\n\t\t\t\t[2019,2,28]\r\n\t\t\t]\r\n\t},\r\n\t\"volume\":\"70\",\r\n\t\"number\":\"1\",\r\n\t\"page\":\"19-28\",\r\n\t\"ISSN\":\r\n\t\t[\"13467565\",\"21897042\"],\r\n\t\"container-title\":\"Acta
        phytotaxonomica et geobotanica\"\r\n}"
    http_version: 
  recorded_at: Tue, 23 Jul 2019 07:49:04 GMT
recorded_with: VCR 3.0.3
