---
http_interactions:
- request:
    method: get
    uri: https://api.stage.datacite.org/dois/10.15146/r34015
    body:
      encoding: US-ASCII
      string: ''
    headers:
      User-Agent:
      - Mozilla/5.0 (compatible; Maremma/4.4; mailto:info@datacite.org)
      Accept:
      - application/vnd.datacite.datacite+json
  response:
    status:
      code: 404
      message: ''
    headers:
      Date:
      - Sun, 15 Dec 2019 22:42:05 GMT
      Content-Type:
      - application/json; charset=utf-8
      Connection:
      - keep-alive
      Status:
      - 404 Not Found
      Cache-Control:
      - no-cache
      Vary:
      - Accept-Encoding, Origin
      X-Request-Id:
      - 31dcda44-0caa-447c-acce-999d0386738e
      X-Runtime:
      - '0.005108'
      X-Powered-By:
      - Phusion Passenger 6.0.4
      Server:
      - nginx/1.17.3 + Phusion Passenger 6.0.4
    body:
      encoding: ASCII-8BIT
      string: '{"errors":[{"status":"404","title":"The resource you are looking for
        doesn''t exist."}]}'
    http_version: 
  recorded_at: Sun, 15 Dec 2019 22:42:05 GMT
- request:
    method: get
    uri: https://api.crossref.org/works/10.15146/r34015/transform/application/vnd.crossref.unixsd+xml
    body:
      encoding: US-ASCII
      string: ''
    headers:
      User-Agent:
      - Mozilla/5.0 (compatible; Maremma/4.4; mailto:info@datacite.org)
      Accept:
      - text/xml
  response:
    status:
      code: 404
      message: ''
    headers:
      Content-Type:
      - text/plain
      Access-Control-Allow-Origin:
      - "*"
      Access-Control-Allow-Headers:
      - X-Requested-With
      Content-Length:
      - '19'
      Server:
      - http-kit
      Date:
      - Sun, 15 Dec 2019 22:42:05 GMT
      X-Rate-Limit-Limit:
      - '50'
      X-Rate-Limit-Interval:
      - 1s
      Connection:
      - close
    body:
      encoding: ASCII-8BIT
      string: Resource not found.
    http_version: 
  recorded_at: Sun, 15 Dec 2019 22:42:05 GMT
- request:
    method: get
    uri: https://doi.org/ra/10.15146
    body:
      encoding: US-ASCII
      string: ''
    headers:
      User-Agent:
      - Mozilla/5.0 (compatible; Maremma/4.4; mailto:info@datacite.org)
      Accept:
      - text/html,application/json,application/xml;q=0.9, text/plain;q=0.8,image/png,*/*;q=0.5
  response:
    status:
      code: 200
      message: ''
    headers:
      Date:
      - Sun, 15 Dec 2019 22:42:05 GMT
      Content-Type:
      - application/json;charset=UTF-8
      Connection:
      - keep-alive
      Set-Cookie:
      - __cfduid=d12c2fffed1654bba7ca5883c5cf284af1576449725; expires=Tue, 14-Jan-20
        22:42:05 GMT; path=/; domain=.doi.org; HttpOnly; Secure
      Cf-Cache-Status:
      - DYNAMIC
      Strict-Transport-Security:
      - max-age=31536000; includeSubDomains; preload
      Expect-Ct:
      - max-age=604800, report-uri="https://report-uri.cloudflare.com/cdn-cgi/beacon/expect-ct"
      Server:
      - cloudflare
      Cf-Ray:
      - 545bedc16c51bdff-AMS
    body:
      encoding: ASCII-8BIT
      string: |-
        [
          {
            "DOI": "10.15146",
            "RA": "DataCite"
          }
        ]
    http_version: 
  recorded_at: Sun, 15 Dec 2019 22:42:05 GMT
recorded_with: VCR 3.0.3
