---
http_interactions:
- request:
    method: get
    uri: https://api.stage.datacite.org/dois/10.1393/ncc/i2016-16378-6
    body:
      encoding: US-ASCII
      string: ''
    headers:
      User-Agent:
      - Mozilla/5.0 (compatible; Maremma/4.4; mailto:info@datacite.org)
      Accept:
      - application/vnd.datacite.datacite+json
  response:
    status:
      code: 404
      message: ''
    headers:
      Date:
      - Sun, 15 Dec 2019 22:41:40 GMT
      Content-Type:
      - application/json; charset=utf-8
      Connection:
      - keep-alive
      Status:
      - 404 Not Found
      Cache-Control:
      - no-cache
      Vary:
      - Accept-Encoding, Origin
      X-Request-Id:
      - 68985dcd-1f08-4a0d-9eba-1698e633a545
      X-Runtime:
      - '0.004992'
      X-Powered-By:
      - Phusion Passenger 6.0.4
      Server:
      - nginx/1.17.3 + Phusion Passenger 6.0.4
    body:
      encoding: ASCII-8BIT
      string: '{"errors":[{"status":"404","title":"The resource you are looking for
        doesn''t exist."}]}'
    http_version: 
  recorded_at: Sun, 15 Dec 2019 22:41:40 GMT
- request:
    method: get
    uri: https://api.crossref.org/works/10.1393/ncc/i2016-16378-6/transform/application/vnd.crossref.unixsd+xml
    body:
      encoding: US-ASCII
      string: ''
    headers:
      User-Agent:
      - Mozilla/5.0 (compatible; Maremma/4.4; mailto:info@datacite.org)
      Accept:
      - text/xml
  response:
    status:
      code: 404
      message: ''
    headers:
      Content-Type:
      - text/plain
      Access-Control-Allow-Origin:
      - "*"
      Access-Control-Allow-Headers:
      - X-Requested-With
      Content-Length:
      - '19'
      Server:
      - http-kit
      Date:
      - Sun, 15 Dec 2019 22:41:40 GMT
      X-Rate-Limit-Limit:
      - '50'
      X-Rate-Limit-Interval:
      - 1s
      Connection:
      - close
    body:
      encoding: ASCII-8BIT
      string: Resource not found.
    http_version: 
  recorded_at: Sun, 15 Dec 2019 22:41:40 GMT
- request:
    method: get
    uri: https://doi.org/ra/10.1393
    body:
      encoding: US-ASCII
      string: ''
    headers:
      User-Agent:
      - Mozilla/5.0 (compatible; Maremma/4.4; mailto:info@datacite.org)
      Accept:
      - text/html,application/json,application/xml;q=0.9, text/plain;q=0.8,image/png,*/*;q=0.5
  response:
    status:
      code: 200
      message: ''
    headers:
      Date:
      - Sun, 15 Dec 2019 22:41:41 GMT
      Content-Type:
      - application/json;charset=UTF-8
      Connection:
      - keep-alive
      Set-Cookie:
      - __cfduid=dd499cfa41f60c8f49d91c1179e119e111576449701; expires=Tue, 14-Jan-20
        22:41:41 GMT; path=/; domain=.doi.org; HttpOnly; Secure
      Cf-Cache-Status:
      - DYNAMIC
      Strict-Transport-Security:
      - max-age=31536000; includeSubDomains; preload
      Expect-Ct:
      - max-age=604800, report-uri="https://report-uri.cloudflare.com/cdn-cgi/beacon/expect-ct"
      Server:
      - cloudflare
      Cf-Ray:
      - 545bed278d80bf46-AMS
    body:
      encoding: ASCII-8BIT
      string: |-
        [
          {
            "DOI": "10.1393",
            "RA": "mEDRA"
          }
        ]
    http_version: 
  recorded_at: Sun, 15 Dec 2019 22:41:41 GMT
- request:
    method: get
    uri: https://doi.org/10.1393/ncc/i2016-16378-6
    body:
      encoding: US-ASCII
      string: ''
    headers:
      User-Agent:
      - Mozilla/5.0 (compatible; Maremma/4.4; mailto:info@datacite.org)
      Accept:
      - application/vnd.citationstyles.csl+json
  response:
    status:
      code: 302
      message: ''
    headers:
      Date:
      - Sun, 15 Dec 2019 22:41:41 GMT
      Content-Type:
      - text/html;charset=utf-8
      Content-Length:
      - '189'
      Connection:
      - keep-alive
      Set-Cookie:
      - __cfduid=d33981014958bb83ae8a687b1f543a0a41576449701; expires=Tue, 14-Jan-20
        22:41:41 GMT; path=/; domain=.doi.org; HttpOnly; Secure
      Vary:
      - Accept
      Location:
      - https://data.medra.org/10.1393%2Fncc%2Fi2016-16378-6
      Expires:
      - Sun, 15 Dec 2019 23:27:14 GMT
      Cf-Cache-Status:
      - DYNAMIC
      Strict-Transport-Security:
      - max-age=31536000; includeSubDomains; preload
      Expect-Ct:
      - max-age=604800, report-uri="https://report-uri.cloudflare.com/cdn-cgi/beacon/expect-ct"
      Server:
      - cloudflare
      Cf-Ray:
      - 545bed284d60d901-AMS
    body:
      encoding: ASCII-8BIT
      string: |-
        <html><head><title>Handle Redirect</title></head>
        <body><a href="https://data.medra.org/10.1393%2Fncc%2Fi2016-16378-6">https://data.medra.org/10.1393%2Fncc%2Fi2016-16378-6</a></body></html>
    http_version: 
  recorded_at: Sun, 15 Dec 2019 22:41:41 GMT
- request:
    method: get
    uri: https://data.medra.org/10.1393%2Fncc%2Fi2016-16378-6
    body:
      encoding: US-ASCII
      string: ''
    headers:
      User-Agent:
      - Mozilla/5.0 (compatible; Maremma/4.4; mailto:info@datacite.org)
      Accept:
      - application/vnd.citationstyles.csl+json
  response:
    status:
      code: 200
      message: ''
    headers:
      Date:
      - Sun, 15 Dec 2019 22:41:41 GMT
      Server:
      - Apache-Coyote/1.1
      Cache-Control:
      - no-transform, max-age=60
      Access-Control-Allow-Origin:
      - "*"
      Vary:
      - Accept
      Content-Type:
      - application/vnd.citationstyles.csl+json;charset=UTF-8
    body:
      encoding: ASCII-8BIT
      string: '{"type":"article-journal","issued":{"date-parts":[[2017,3,22]]},"container-title":"Il
        Nuovo Cimento C","DOI":"10.1393\/ncc\/i2016-16378-6","ISSN":"0390-5551","issue":"6","page":"1-10","page-first":"1","publisher":"SIF","title":"Probing
        the nuclear symmetry energy at high densities with nuclear reactions","URL":"http:\/\/doi.org\/10.1393\/ncc\/i2016-16378-6","volume":"39"}'
    http_version: 
  recorded_at: Sun, 15 Dec 2019 22:41:41 GMT
recorded_with: VCR 3.0.3
